{
  "version": "1.5.0",
  "plugins_used": [
    {
      "name": "ArtifactoryDetector"
    },
    {
      "name": "AWSKeyDetector"
    },
    {
      "name": "AzureStorageKeyDetector"
    },
    {
      "name": "Base64HighEntropyString",
      "limit": 4.5
    },
    {
      "name": "BasicAuthDetector"
    },
    {
      "name": "CloudantDetector"
    },
    {
      "name": "DiscordBotTokenDetector"
    },
    {
      "name": "GitHubTokenDetector"
    },
    {
      "name": "GitLabTokenDetector"
    },
    {
      "name": "HexHighEntropyString",
      "limit": 3.0
    },
    {
      "name": "IbmCloudIamDetector"
    },
    {
      "name": "IbmCosHmacDetector"
    },
    {
      "name": "IPPublicDetector"
    },
    {
      "name": "JwtTokenDetector"
    },
    {
      "name": "KeywordDetector",
      "keyword_exclude": ""
    },
    {
      "name": "MailchimpDetector"
    },
    {
      "name": "NpmDetector"
    },
    {
      "name": "OpenAIDetector"
    },
    {
      "name": "PrivateKeyDetector"
    },
    {
      "name": "PypiTokenDetector"
    },
    {
      "name": "SendGridDetector"
    },
    {
      "name": "SlackDetector"
    },
    {
      "name": "SoftlayerDetector"
    },
    {
      "name": "SquareOAuthDetector"
    },
    {
      "name": "StripeDetector"
    },
    {
      "name": "TelegramBotTokenDetector"
    },
    {
      "name": "TwilioKeyDetector"
    }
  ],
  "filters_used": [
    {
      "path": "detect_secrets.filters.allowlist.is_line_allowlisted"
    },
    {
      "path": "detect_secrets.filters.common.is_baseline_file",
      "filename": ".secrets.baseline"
    },
    {
      "path": "detect_secrets.filters.common.is_ignored_due_to_verification_policies",
      "min_level": 2
    },
    {
      "path": "detect_secrets.filters.heuristic.is_indirect_reference"
    },
    {
      "path": "detect_secrets.filters.heuristic.is_likely_id_string"
    },
    {
      "path": "detect_secrets.filters.heuristic.is_lock_file"
    },
    {
      "path": "detect_secrets.filters.heuristic.is_not_alphanumeric_string"
    },
    {
      "path": "detect_secrets.filters.heuristic.is_potential_uuid"
    },
    {
      "path": "detect_secrets.filters.heuristic.is_prefixed_with_dollar_sign"
    },
    {
      "path": "detect_secrets.filters.heuristic.is_sequential_string"
    },
    {
      "path": "detect_secrets.filters.heuristic.is_swagger_file"
    },
    {
      "path": "detect_secrets.filters.heuristic.is_templated_secret"
    },
    {
      "path": "detect_secrets.filters.regex.should_exclude_file",
      "pattern": [
        "node_modules/.*",
        ".*\\.(png|jpg|jpeg|pdf|pptx|xlsx)$"
      ]
    }
  ],
  "results": {
    "01-regulatory-writing-agent/.env.example": [
      {
        "type": "Basic Auth Credentials",
        "filename": "01-regulatory-writing-agent/.env.example",
        "hashed_secret": "9d4e1e23bd5b727046a9e3b4b7db57bd8d6ee684",
        "is_verified": false,
        "line_number": 21
      }
    ],
    "02-pharmacovigilance-agent/.env.example": [
      {
        "type": "Basic Auth Credentials",
        "filename": "02-pharmacovigilance-agent/.env.example",
        "hashed_secret": "9d4e1e23bd5b727046a9e3b4b7db57bd8d6ee684",
        "is_verified": false,
        "line_number": 35
      }
    ],
    "03-clinical-trial-ops-agent/.env.example": [
      {
        "type": "Basic Auth Credentials",
        "filename": "03-clinical-trial-ops-agent/.env.example",
        "hashed_secret": "9d4e1e23bd5b727046a9e3b4b7db57bd8d6ee684",
        "is_verified": false,
        "line_number": 16
      }
    ],
    "09-manufacturing-batch-review-agent/.env.example": [
      {
        "type": "Basic Auth Credentials",
        "filename": "09-manufacturing-batch-review-agent/.env.example",
        "hashed_secret": "9d4e1e23bd5b727046a9e3b4b7db57bd8d6ee684",
        "is_verified": false,
        "line_number": 20
      }
    ],
    "governance/prompt_manifest.json": [
      {
        "type": "Hex High Entropy String",
        "filename": "governance/prompt_manifest.json",
        "hashed_secret": "bca9c0452ed2f4e06ae7020da325a35363650795",
        "is_verified": false,
        "line_number": 5
      },
      {
        "type": "Hex High Entropy String",
        "filename": "governance/prompt_manifest.json",
        "hashed_secret": "4ddd6e367b965230b7a5a7ad451a59a1262384dc",
        "is_verified": false,
        "line_number": 11
      },
      {
        "type": "Hex High Entropy String",
        "filename": "governance/prompt_manifest.json",
        "hashed_secret": "abfc52fa975a9d8a0eafbb81bd5848813ea9551c",
        "is_verified": false,
        "line_number": 17
      },
      {
        "type": "Hex High Entropy String",
        "filename": "governance/prompt_manifest.json",
        "hashed_secret": "b4ef6d82f10c0cb677163aa2dae00a10f2f1ff53",
        "is_verified": false,
        "line_number": 23
      },
      {
        "type": "Hex High Entropy String",
        "filename": "governance/prompt_manifest.json",
        "hashed_secret": "f3288561b8620c4deaa5dab67467461d5846d139",
        "is_verified": false,
        "line_number": 29
      },
      {
        "type": "Hex High Entropy String",
        "filename": "governance/prompt_manifest.json",
        "hashed_secret": "215b75ccf1a443149813242da35473cca606ddda",
        "is_verified": false,
        "line_number": 35
      },
      {
        "type": "Hex High Entropy String",
        "filename": "governance/prompt_manifest.json",
        "hashed_secret": "9324032bf98c79321841ea880110df1cc3050e8b",
        "is_verified": false,
        "line_number": 41
      },
      {
        "type": "Hex High Entropy String",
        "filename": "governance/prompt_manifest.json",
        "hashed_secret": "1ebc5c38370a093d790507007224e35aff7b709e",
        "is_verified": false,
        "line_number": 47
      },
      {
        "type": "Hex High Entropy String",
        "filename": "governance/prompt_manifest.json",
        "hashed_secret": "01ce595eeeaa6e8f9ae7a6693a98f5a655b48354",
        "is_verified": false,
        "line_number": 53
      }
    ],
    "infra/cloudformation/security.yaml": [
      {
        "type": "Secret Keyword",
        "filename": "infra/cloudformation/security.yaml",
        "hashed_secret": "7cb6efb98ba5972a9b5090dc2e517fe14d12cb04",
        "is_verified": false,
        "line_number": 147
      },
      {
        "type": "Secret Keyword",
        "filename": "infra/cloudformation/security.yaml",
        "hashed_secret": "3f37ae4c43bf9ed4ded9cc65a44b45fc138eccf8",
        "is_verified": false,
        "line_number": 193
      },
      {
        "type": "Secret Keyword",
        "filename": "infra/cloudformation/security.yaml",
        "hashed_secret": "fc7a775c42e8432f8ab869cf3d9583e3d1130b2e",
        "is_verified": false,
        "line_number": 194
      },
      {
        "type": "Secret Keyword",
        "filename": "infra/cloudformation/security.yaml",
        "hashed_secret": "e90fe00423fdc0a6661f9b7b77863d511f60157a",
        "is_verified": false,
        "line_number": 294
      }
    ],
    "infra/golden-path-01-regulatory-writing/template.yaml": [
      {
        "type": "Secret Keyword",
        "filename": "infra/golden-path-01-regulatory-writing/template.yaml",
        "hashed_secret": "7cb6efb98ba5972a9b5090dc2e517fe14d12cb04",
        "is_verified": false,
        "line_number": 208
      }
    ],
    "infra/golden-path-02-pharmacovigilance/template.yaml": [
      {
        "type": "Secret Keyword",
        "filename": "infra/golden-path-02-pharmacovigilance/template.yaml",
        "hashed_secret": "7cb6efb98ba5972a9b5090dc2e517fe14d12cb04",
        "is_verified": false,
        "line_number": 251
      }
    ],
    "infra/golden-path-03-clinical-trial-ops/template.yaml": [
      {
        "type": "Secret Keyword",
        "filename": "infra/golden-path-03-clinical-trial-ops/template.yaml",
        "hashed_secret": "7cb6efb98ba5972a9b5090dc2e517fe14d12cb04",
        "is_verified": false,
        "line_number": 208
      }
    ],
    "infra/golden-path-04-site-patient-matching/template.yaml": [
      {
        "type": "Secret Keyword",
        "filename": "infra/golden-path-04-site-patient-matching/template.yaml",
        "hashed_secret": "7cb6efb98ba5972a9b5090dc2e517fe14d12cb04",
        "is_verified": false,
        "line_number": 208
      }
    ],
    "infra/golden-path-05-quality-capa/template.yaml": [
      {
        "type": "Secret Keyword",
        "filename": "infra/golden-path-05-quality-capa/template.yaml",
        "hashed_secret": "7cb6efb98ba5972a9b5090dc2e517fe14d12cb04",
        "is_verified": false,
        "line_number": 208
      }
    ],
    "infra/golden-path-06-protocol-design/template.yaml": [
      {
        "type": "Secret Keyword",
        "filename": "infra/golden-path-06-protocol-design/template.yaml",
        "hashed_secret": "7cb6efb98ba5972a9b5090dc2e517fe14d12cb04",
        "is_verified": false,
        "line_number": 208
      }
    ],
    "infra/golden-path-07-rwe-heor/template.yaml": [
      {
        "type": "Secret Keyword",
        "filename": "infra/golden-path-07-rwe-heor/template.yaml",
        "hashed_secret": "7cb6efb98ba5972a9b5090dc2e517fe14d12cb04",
        "is_verified": false,
        "line_number": 208
      }
    ],
    "infra/golden-path-08-medical-affairs-msl/template.yaml": [
      {
        "type": "Secret Keyword",
        "filename": "infra/golden-path-08-medical-affairs-msl/template.yaml",
        "hashed_secret": "7cb6efb98ba5972a9b5090dc2e517fe14d12cb04",
        "is_verified": false,
        "line_number": 208
      }
    ],
    "infra/golden-path-09-manufacturing-batch-review/template.yaml": [
      {
        "type": "Secret Keyword",
        "filename": "infra/golden-path-09-manufacturing-batch-review/template.yaml",
        "hashed_secret": "7cb6efb98ba5972a9b5090dc2e517fe14d12cb04",
        "is_verified": false,
        "line_number": 208
      }
    ],
    "release/1.0.1/bandit.txt": [
      {
        "type": "Secret Keyword",
        "filename": "release/1.0.1/bandit.txt",
        "hashed_secret": "eb1b3cd7ed5e769be25068fb6710cbbc19114d44",
        "is_verified": false,
        "line_number": 853
      }
    ],
    "services/reviewer-service/template.yaml": [
      {
        "type": "Secret Keyword",
        "filename": "services/reviewer-service/template.yaml",
        "hashed_secret": "bf4effbd76f16049752d39fb2376ead395481d18",
        "is_verified": false,
        "line_number": 54
      }
    ],
    "tooling/handbooks/agent_handbooks.py": [
      {
        "type": "Secret Keyword",
        "filename": "tooling/handbooks/agent_handbooks.py",
        "hashed_secret": "67baf880017019810bdebd346a617fd94526381c",
        "is_verified": false,
        "line_number": 190
      },
      {
        "type": "Secret Keyword",
        "filename": "tooling/handbooks/agent_handbooks.py",
        "hashed_secret": "e9988625f9e3a24ba750a4cff887400f89659c32",
        "is_verified": false,
        "line_number": 199
      },
      {
        "type": "Secret Keyword",
        "filename": "tooling/handbooks/agent_handbooks.py",
        "hashed_secret": "01a1fa155ff8542dd359963032f5ca2a12c2c4c6",
        "is_verified": false,
        "line_number": 208
      },
      {
        "type": "Secret Keyword",
        "filename": "tooling/handbooks/agent_handbooks.py",
        "hashed_secret": "a03fbbbe0c0c283e3f9eba5862b9b982812d6b71",
        "is_verified": false,
        "line_number": 217
      },
      {
        "type": "Secret Keyword",
        "filename": "tooling/handbooks/agent_handbooks.py",
        "hashed_secret": "999ca18a2414d527245669c6743564e8e4997daa",
        "is_verified": false,
        "line_number": 225
      },
      {
        "type": "Secret Keyword",
        "filename": "tooling/handbooks/agent_handbooks.py",
        "hashed_secret": "48b4d760ddece7d139e6ece717e0465c4d91b427",
        "is_verified": false,
        "line_number": 250
      }
    ]
  },
  "generated_at": "2026-07-12T02:47:13Z"
}
